[debug] [2024-10-21T22:02:53.854Z] ----------------------------------------------------------------------
[debug] [2024-10-21T22:02:53.860Z] Command:       C:\Program Files\nodejs\node.exe C:\Users\BALAAJI SUDHARSHANAM\AppData\Roaming\npm\node_modules\firebase-tools\lib\bin\firebase.js init
[debug] [2024-10-21T22:02:53.860Z] CLI Version:   13.22.1
[debug] [2024-10-21T22:02:53.860Z] Platform:      win32
[debug] [2024-10-21T22:02:53.861Z] Node Version:  v20.10.0
[debug] [2024-10-21T22:02:53.861Z] Time:          Tue Oct 22 2024 11:02:53 GMT+1300 (New Zealand Daylight Time)
[debug] [2024-10-21T22:02:53.861Z] ----------------------------------------------------------------------
[debug] 
[debug] [2024-10-21T22:02:54.022Z] > command requires scopes: ["email","openid","https://www.googleapis.com/auth/cloudplatformprojects.readonly","https://www.googleapis.com/auth/firebase","https://www.googleapis.com/auth/cloud-platform"]
[debug] [2024-10-21T22:02:54.023Z] > authorizing via signed-in user (balaajiuma@gmail.com)
[info] 
     ######## #### ########  ######## ########     ###     ######  ########
     ##        ##  ##     ## ##       ##     ##  ##   ##  ##       ##
     ######    ##  ########  ######   ########  #########  ######  ######
     ##        ##  ##    ##  ##       ##     ## ##     ##       ## ##
     ##       #### ##     ## ######## ########  ##     ##  ######  ########

You're about to initialize a Firebase project in this directory:

  D:\chatapp

Before we get started, keep in mind:

  * You are initializing within an existing Firebase project directory

